00:00 +0: loading /Volumes/DevData/project/a199-flutter-expert-project/test/presentation/pages/tvseries_detail_page_test.dart                                                                          00:01 +0: loading /Volumes/DevData/project/a199-flutter-expert-project/test/presentation/pages/tvseries_detail_page_test.dart                                                                          00:02 +0: loading /Volumes/DevData/project/a199-flutter-expert-project/test/presentation/pages/tvseries_detail_page_test.dart                                                                          00:02 +0: Watchlist button should display add icon when tv series not added to watchlist                                                                                                               00:03 +0: Watchlist button should display add icon when tv series not added to watchlist                                                                                                               00:03 +0: Watchlist button should display add icon when tv series not added to watchlist                                                                                                               
Error: google_fonts was unable to load font Poppins-Regular because the following exception occurred:
Unable to load asset: "AssetManifest.json".
The asset does not exist or has empty data.

There is likely something wrong with your test. Please see https://github.com/material-foundation/flutter-packages/blob/main/packages/google_fonts/example/test for examples of how to test with google_fonts.
If troubleshooting doesn't solve the problem, please file an issue at https://github.com/material-foundation/flutter-packages/issues/new/choose.

══╡ EXCEPTION CAUGHT BY FLUTTER TEST FRAMEWORK ╞════════════════════════════════════════════════════
The following assertion was thrown running a test:
Unable to load asset: "AssetManifest.json".
The asset does not exist or has empty data.

When the exception was thrown, this was the stack:
#0      PlatformAssetBundle.load (package:flutter/src/services/asset_bundle.dart:340:7)
#1      AssetBundle.loadString (package:flutter/src/services/asset_bundle.dart:92:33)
#2      CachingAssetBundle.loadString.<anonymous closure> (package:flutter/src/services/asset_bundle.dart:193:56)
#3      _LinkedHashMapMixin.putIfAbsent (dart:_compact_hash:675:23)
#4      CachingAssetBundle.loadString (package:flutter/src/services/asset_bundle.dart:193:27)
#5      AssetManifest._loadAssetManifestJson (package:google_fonts/src/asset_manifest.dart:34:43)
#6      AssetManifest.json (package:google_fonts/src/asset_manifest.dart:28:21)
#7      loadFontIfNecessary (package:google_fonts/src/google_fonts_base.dart:150:51)
#8      googleFontsTextStyle (package:google_fonts/src/google_fonts_base.dart:113:25)
#9      PartP.poppins (package:google_fonts/src/google_fonts_parts/part_p.dart:6005:12)
#10     kHeading5 (package:ditonton/common/constants.dart:16:24)
#11     kHeading5 (package:ditonton/common/constants.dart)
#12     DetailContent.build.<anonymous closure> (package:ditonton/presentation/pages/tvseries_detail_page.dart:106:38)
#13     _DraggableScrollableSheetState.build (package:flutter/src/widgets/draggable_scrollable_sheet.dart:719:28)
#14     StatefulElement.build (package:flutter/src/widgets/framework.dart:5934:27)
#15     ComponentElement.performRebuild (package:flutter/src/widgets/framework.dart:5820:15)
#16     StatefulElement.performRebuild (package:flutter/src/widgets/framework.dart:5985:11)
#17     Element.rebuild (package:flutter/src/widgets/framework.dart:5532:7)
#18     ComponentElement._firstBuild (package:flutter/src/widgets/framework.dart:5802:5)
#19     StatefulElement._firstBuild (package:flutter/src/widgets/framework.dart:5976:11)
#20     ComponentElement.mount (package:flutter/src/widgets/framework.dart:5796:5)
...     Normal element mounting (10 frames)
#30     Element.inflateWidget (package:flutter/src/widgets/framework.dart:4590:20)
#31     MultiChildRenderObjectElement.inflateWidget (package:flutter/src/widgets/framework.dart:7269:36)
#32     MultiChildRenderObjectElement.mount (package:flutter/src/widgets/framework.dart:7285:32)
...     Normal element mounting (28 frames)
#60     SingleChildWidgetElementMixin.mount (package:nested/nested.dart:222:11)
...     Normal element mounting (25 frames)
#85     Element.inflateWidget (package:flutter/src/widgets/framework.dart:4590:20)
#86     MultiChildRenderObjectElement.inflateWidget (package:flutter/src/widgets/framework.dart:7269:36)
#87     MultiChildRenderObjectElement.mount (package:flutter/src/widgets/framework.dart:7285:32)
...     Normal element mounting (372 frames)
#459    Element.inflateWidget (package:flutter/src/widgets/framework.dart:4590:20)
#460    MultiChildRenderObjectElement.inflateWidget (package:flutter/src/widgets/framework.dart:7269:36)
#461    MultiChildRenderObjectElement.mount (package:flutter/src/widgets/framework.dart:7285:32)
...     Normal element mounting (471 frames)
#932    _InheritedProviderScopeElement.mount (package:provider/src/inherited_provider.dart:411:11)
...     Normal element mounting (7 frames)
#939    SingleChildWidgetElementMixin.mount (package:nested/nested.dart:222:11)
#940    Element.inflateWidget (package:flutter/src/widgets/framework.dart:4590:20)
#941    Element.updateChild (package:flutter/src/widgets/framework.dart:4053:20)
#942    ComponentElement.performRebuild (package:flutter/src/widgets/framework.dart:5844:16)
#943    Element.rebuild (package:flutter/src/widgets/framework.dart:5532:7)
#944    ProxyElement.update (package:flutter/src/widgets/framework.dart:6152:5)
#945    _InheritedNotifierElement.update (package:flutter/src/widgets/inherited_notifier.dart:108:11)
#946    Element.updateChild (package:flutter/src/widgets/framework.dart:4037:15)
#947    ComponentElement.performRebuild (package:flutter/src/widgets/framework.dart:5844:16)
#948    StatefulElement.performRebuild (package:flutter/src/widgets/framework.dart:5985:11)
#949    Element.rebuild (package:flutter/src/widgets/framework.dart:5532:7)
#950    StatefulElement.update (package:flutter/src/widgets/framework.dart:6010:5)
#951    Element.updateChild (package:flutter/src/widgets/framework.dart:4037:15)
#952    ComponentElement.performRebuild (package:flutter/src/widgets/framework.dart:5844:16)
#953    Element.rebuild (package:flutter/src/widgets/framework.dart:5532:7)
#954    ProxyElement.update (package:flutter/src/widgets/framework.dart:6152:5)
#955    _InheritedNotifierElement.update (package:flutter/src/widgets/inherited_notifier.dart:108:11)
#956    Element.updateChild (package:flutter/src/widgets/framework.dart:4037:15)
#957    ComponentElement.performRebuild (package:flutter/src/widgets/framework.dart:5844:16)
#958    StatefulElement.performRebuild (package:flutter/src/widgets/framework.dart:5985:11)
#959    Element.rebuild (package:flutter/src/widgets/framework.dart:5532:7)
#960    StatefulElement.update (package:flutter/src/widgets/framework.dart:6010:5)
#961    Element.updateChild (package:flutter/src/widgets/framework.dart:4037:15)
#962    ComponentElement.performRebuild (package:flutter/src/widgets/framework.dart:5844:16)
#963    StatefulElement.performRebuild (package:flutter/src/widgets/framework.dart:5985:11)
#964    Element.rebuild (package:flutter/src/widgets/framework.dart:5532:7)
#965    StatefulElement.update (package:flutter/src/widgets/framework.dart:6010:5)
#966    Element.updateChild (package:flutter/src/widgets/framework.dart:4037:15)
#967    ComponentElement.performRebuild (package:flutter/src/widgets/framework.dart:5844:16)
#968    Element.rebuild (package:flutter/src/widgets/framework.dart:5532:7)
#969    ProxyElement.update (package:flutter/src/widgets/framework.dart:6152:5)
#970    Element.updateChild (package:flutter/src/widgets/framework.dart:4037:15)
#971    ComponentElement.performRebuild (package:flutter/src/widgets/framework.dart:5844:16)
#972    StatefulElement.performRebuild (package:flutter/src/widgets/framework.dart:5985:11)
#973    Element.rebuild (package:flutter/src/widgets/framework.dart:5532:7)
#974    StatefulElement.update (package:flutter/src/widgets/framework.dart:6010:5)
#975    Element.updateChild (package:flutter/src/widgets/framework.dart:4037:15)
#976    ComponentElement.performRebuild (package:flutter/src/widgets/framework.dart:5844:16)
#977    Element.rebuild (package:flutter/src/widgets/framework.dart:5532:7)
#978    ProxyElement.update (package:flutter/src/widgets/framework.dart:6152:5)
#979    Element.updateChild (package:flutter/src/widgets/framework.dart:4037:15)
#980    ComponentElement.performRebuild (package:flutter/src/widgets/framework.dart:5844:16)
#981    Element.rebuild (package:flutter/src/widgets/framework.dart:5532:7)
#982    ProxyElement.update (package:flutter/src/widgets/framework.dart:6152:5)
#983    Element.updateChild (package:flutter/src/widgets/framework.dart:4037:15)
#984    _RawViewElement._updateChild (package:flutter/src/widgets/view.dart:481:16)
#985    _RawViewElement.update (package:flutter/src/widgets/view.dart:568:5)
#986    Element.updateChild (package:flutter/src/widgets/framework.dart:4037:15)
#987    ComponentElement.performRebuild (package:flutter/src/widgets/framework.dart:5844:16)
#988    Element.rebuild (package:flutter/src/widgets/framework.dart:5532:7)
#989    StatelessElement.update (package:flutter/src/widgets/framework.dart:5898:5)
#990    Element.updateChild (package:flutter/src/widgets/framework.dart:4037:15)
#991    ComponentElement.performRebuild (package:flutter/src/widgets/framework.dart:5844:16)
#992    StatefulElement.performRebuild (package:flutter/src/widgets/framework.dart:5985:11)
#993    Element.rebuild (package:flutter/src/widgets/framework.dart:5532:7)
#994    StatefulElement.update (package:flutter/src/widgets/framework.dart:6010:5)
#995    Element.updateChild (package:flutter/src/widgets/framework.dart:4037:15)
#996    RootElement._rebuild (package:flutter/src/widgets/binding.dart:1782:16)
#997    RootElement.update (package:flutter/src/widgets/binding.dart:1760:5)
#998    RootElement.performRebuild (package:flutter/src/widgets/binding.dart:1774:7)
#999    Element.rebuild (package:flutter/src/widgets/framework.dart:5532:7)
#1000   BuildScope._tryRebuild (package:flutter/src/widgets/framework.dart:2750:15)
#1001   BuildScope._flushDirtyElements (package:flutter/src/widgets/framework.dart:2807:11)
#1002   BuildOwner.buildScope (package:flutter/src/widgets/framework.dart:3111:18)
#1003   AutomatedTestWidgetsFlutterBinding.drawFrame (package:flutter_test/src/binding.dart:1506:19)
#1004   RendererBinding._handlePersistentFrameCallback (package:flutter/src/rendering/binding.dart:495:5)
#1005   SchedulerBinding._invokeFrameCallback (package:flutter/src/scheduler/binding.dart:1434:15)
#1006   SchedulerBinding.handleDrawFrame (package:flutter/src/scheduler/binding.dart:1347:9)
#1007   AutomatedTestWidgetsFlutterBinding.pump.<anonymous closure> (package:flutter_test/src/binding.dart:1335:9)
#1010   TestAsyncUtils.guard (package:flutter_test/src/test_async_utils.dart:74:41)
#1011   AutomatedTestWidgetsFlutterBinding.pump (package:flutter_test/src/binding.dart:1324:27)
#1012   WidgetTester.pumpWidget.<anonymous closure> (package:flutter_test/src/widget_tester.dart:598:22)
#1015   TestAsyncUtils.guard (package:flutter_test/src/test_async_utils.dart:74:41)
#1016   WidgetTester.pumpWidget (package:flutter_test/src/widget_tester.dart:595:27)
#1017   main.<anonymous closure> (file:///Volumes/DevData/project/a199-flutter-expert-project/test/presentation/pages/tvseries_detail_page_test.dart:42:18)
#1018   testWidgets.<anonymous closure>.<anonymous closure> (package:flutter_test/src/widget_tester.dart:192:29)
<asynchronous suspension>
#1019   TestWidgetsFlutterBinding._runTestBody (package:flutter_test/src/binding.dart:1059:5)
<asynchronous suspension>
<asynchronous suspension>
(elided 5 frames from dart:async and package:stack_trace)

The test description was:
  Watchlist button should display add icon when tv series not added to watchlist
════════════════════════════════════════════════════════════════════════════════════════════════════
00:04 +0 -1: Watchlist button should display add icon when tv series not added to watchlist [E]                                                                                                        
  Test failed. See exception logs above.
  The test description was: Watchlist button should display add icon when tv series not added to watchlist
  
Warning: At least one test in this suite creates an HttpClient. When running a test suite that uses
TestWidgetsFlutterBinding, all HTTP requests will return status code 400, and no network request
will actually be made. Any test expecting a real network connection and status code will fail.
To test code that needs an HttpClient, provide your own HttpClient implementation to the code under
test, so that your test can consistently provide a testable response to the code under test.
Error: google_fonts was unable to load font Poppins-Medium because the following exception occurred:
Unable to load asset: "AssetManifest.json".
The asset does not exist or has empty data.

There is likely something wrong with your test. Please see https://github.com/material-foundation/flutter-packages/blob/main/packages/google_fonts/example/test for examples of how to test with google_fonts.
If troubleshooting doesn't solve the problem, please file an issue at https://github.com/material-foundation/flutter-packages/issues/new/choose.

══╡ EXCEPTION CAUGHT BY FLUTTER TEST FRAMEWORK ╞════════════════════════════════════════════════════
The following assertion was thrown running a test (but after the test had completed):
Unable to load asset: "AssetManifest.json".
The asset does not exist or has empty data.

When the exception was thrown, this was the stack:
#0      PlatformAssetBundle.load (package:flutter/src/services/asset_bundle.dart:340:7)
#1      AssetBundle.loadString (package:flutter/src/services/asset_bundle.dart:92:33)
#2      CachingAssetBundle.loadString.<anonymous closure> (package:flutter/src/services/asset_bundle.dart:193:56)
#3      _LinkedHashMapMixin.putIfAbsent (dart:_compact_hash:675:23)
#4      CachingAssetBundle.loadString (package:flutter/src/services/asset_bundle.dart:193:27)
#5      AssetManifest._loadAssetManifestJson (package:google_fonts/src/asset_manifest.dart:34:43)
#6      AssetManifest.json (package:google_fonts/src/asset_manifest.dart:28:21)
#7      loadFontIfNecessary (package:google_fonts/src/google_fonts_base.dart:150:51)
#8      googleFontsTextStyle (package:google_fonts/src/google_fonts_base.dart:113:25)
#9      PartP.poppins (package:google_fonts/src/google_fonts_parts/part_p.dart:6005:12)
#10     kHeading5 (package:ditonton/common/constants.dart:16:24)
#11     kHeading5 (package:ditonton/common/constants.dart)
#12     DetailContent.build.<anonymous closure> (package:ditonton/presentation/pages/tvseries_detail_page.dart:106:38)
#13     _DraggableScrollableSheetState.build (package:flutter/src/widgets/draggable_scrollable_sheet.dart:719:28)
#14     StatefulElement.build (package:flutter/src/widgets/framework.dart:5934:27)
#15     ComponentElement.performRebuild (package:flutter/src/widgets/framework.dart:5820:15)
#16     StatefulElement.performRebuild (package:flutter/src/widgets/framework.dart:5985:11)
#17     Element.rebuild (package:flutter/src/widgets/framework.dart:5532:7)
#18     ComponentElement._firstBuild (package:flutter/src/widgets/framework.dart:5802:5)
#19     StatefulElement._firstBuild (package:flutter/src/widgets/framework.dart:5976:11)
#20     ComponentElement.mount (package:flutter/src/widgets/framework.dart:5796:5)
...     Normal element mounting (10 frames)
#30     Element.inflateWidget (package:flutter/src/widgets/framework.dart:4590:20)
#31     MultiChildRenderObjectElement.inflateWidget (package:flutter/src/widgets/framework.dart:7269:36)
#32     MultiChildRenderObjectElement.mount (package:flutter/src/widgets/framework.dart:7285:32)
...     Normal element mounting (28 frames)
#60     SingleChildWidgetElementMixin.mount (package:nested/nested.dart:222:11)
...     Normal element mounting (25 frames)
#85     Element.inflateWidget (package:flutter/src/widgets/framework.dart:4590:20)
#86     MultiChildRenderObjectElement.inflateWidget (package:flutter/src/widgets/framework.dart:7269:36)
#87     MultiChildRenderObjectElement.mount (package:flutter/src/widgets/framework.dart:7285:32)
...     Normal element mounting (372 frames)
#459    Element.inflateWidget (package:flutter/src/widgets/framework.dart:4590:20)
#460    MultiChildRenderObjectElement.inflateWidget (package:flutter/src/widgets/framework.dart:7269:36)
#461    MultiChildRenderObjectElement.mount (package:flutter/src/widgets/framework.dart:7285:32)
...     Normal element mounting (471 frames)
#932    _InheritedProviderScopeElement.mount (package:provider/src/inherited_provider.dart:411:11)
...     Normal element mounting (7 frames)
#939    SingleChildWidgetElementMixin.mount (package:nested/nested.dart:222:11)
#940    Element.inflateWidget (package:flutter/src/widgets/framework.dart:4590:20)
#941    Element.updateChild (package:flutter/src/widgets/framework.dart:4053:20)
#942    ComponentElement.performRebuild (package:flutter/src/widgets/framework.dart:5844:16)
#943    Element.rebuild (package:flutter/src/widgets/framework.dart:5532:7)
#944    ProxyElement.update (package:flutter/src/widgets/framework.dart:6152:5)
#945    _InheritedNotifierElement.update (package:flutter/src/widgets/inherited_notifier.dart:108:11)
#946    Element.updateChild (package:flutter/src/widgets/framework.dart:4037:15)
#947    ComponentElement.performRebuild (package:flutter/src/widgets/framework.dart:5844:16)
#948    StatefulElement.performRebuild (package:flutter/src/widgets/framework.dart:5985:11)
#949    Element.rebuild (package:flutter/src/widgets/framework.dart:5532:7)
#950    StatefulElement.update (package:flutter/src/widgets/framework.dart:6010:5)
#951    Element.updateChild (package:flutter/src/widgets/framework.dart:4037:15)
#952    ComponentElement.performRebuild (package:flutter/src/widgets/framework.dart:5844:16)
#953    Element.rebuild (package:flutter/src/widgets/framework.dart:5532:7)
#954    ProxyElement.update (package:flutter/src/widgets/framework.dart:6152:5)
#955    _InheritedNotifierElement.update (package:flutter/src/widgets/inherited_notifier.dart:108:11)
#956    Element.updateChild (package:flutter/src/widgets/framework.dart:4037:15)
#957    ComponentElement.performRebuild (package:flutter/src/widgets/framework.dart:5844:16)
#958    StatefulElement.performRebuild (package:flutter/src/widgets/framework.dart:5985:11)
#959    Element.rebuild (package:flutter/src/widgets/framework.dart:5532:7)
#960    StatefulElement.update (package:flutter/src/widgets/framework.dart:6010:5)
#961    Element.updateChild (package:flutter/src/widgets/framework.dart:4037:15)
#962    ComponentElement.performRebuild (package:flutter/src/widgets/framework.dart:5844:16)
#963    StatefulElement.performRebuild (package:flutter/src/widgets/framework.dart:5985:11)
#964    Element.rebuild (package:flutter/src/widgets/framework.dart:5532:7)
#965    StatefulElement.update (package:flutter/src/widgets/framework.dart:6010:5)
#966    Element.updateChild (package:flutter/src/widgets/framework.dart:4037:15)
#967    ComponentElement.performRebuild (package:flutter/src/widgets/framework.dart:5844:16)
#968    Element.rebuild (package:flutter/src/widgets/framework.dart:5532:7)
#969    ProxyElement.update (package:flutter/src/widgets/framework.dart:6152:5)
#970    Element.updateChild (package:flutter/src/widgets/framework.dart:4037:15)
#971    ComponentElement.performRebuild (package:flutter/src/widgets/framework.dart:5844:16)
#972    StatefulElement.performRebuild (package:flutter/src/widgets/framework.dart:5985:11)
#973    Element.rebuild (package:flutter/src/widgets/framework.dart:5532:7)
#974    StatefulElement.update (package:flutter/src/widgets/framework.dart:6010:5)
#975    Element.updateChild (package:flutter/src/widgets/framework.dart:4037:15)
#976    ComponentElement.performRebuild (package:flutter/src/widgets/framework.dart:5844:16)
#977    Element.rebuild (package:flutter/src/widgets/framework.dart:5532:7)
#978    ProxyElement.update (package:flutter/src/widgets/framework.dart:6152:5)
#979    Element.updateChild (package:flutter/src/widgets/framework.dart:4037:15)
#980    ComponentElement.performRebuild (package:flutter/src/widgets/framework.dart:5844:16)
#981    Element.rebuild (package:flutter/src/widgets/framework.dart:5532:7)
#982    ProxyElement.update (package:flutter/src/widgets/framework.dart:6152:5)
#983    Element.updateChild (package:flutter/src/widgets/framework.dart:4037:15)
#984    _RawViewElement._updateChild (package:flutter/src/widgets/view.dart:481:16)
#985    _RawViewElement.update (package:flutter/src/widgets/view.dart:568:5)
#986    Element.updateChild (package:flutter/src/widgets/framework.dart:4037:15)
#987    ComponentElement.performRebuild (package:flutter/src/widgets/framework.dart:5844:16)
#988    Element.rebuild (package:flutter/src/widgets/framework.dart:5532:7)
#989    StatelessElement.update (package:flutter/src/widgets/framework.dart:5898:5)
#990    Element.updateChild (package:flutter/src/widgets/framework.dart:4037:15)
#991    ComponentElement.performRebuild (package:flutter/src/widgets/framework.dart:5844:16)
#992    StatefulElement.performRebuild (package:flutter/src/widgets/framework.dart:5985:11)
#993    Element.rebuild (package:flutter/src/widgets/framework.dart:5532:7)
#994    StatefulElement.update (package:flutter/src/widgets/framework.dart:6010:5)
#995    Element.updateChild (package:flutter/src/widgets/framework.dart:4037:15)
#996    RootElement._rebuild (package:flutter/src/widgets/binding.dart:1782:16)
#997    RootElement.update (package:flutter/src/widgets/binding.dart:1760:5)
#998    RootElement.performRebuild (package:flutter/src/widgets/binding.dart:1774:7)
#999    Element.rebuild (package:flutter/src/widgets/framework.dart:5532:7)
#1000   BuildScope._tryRebuild (package:flutter/src/widgets/framework.dart:2750:15)
#1001   BuildScope._flushDirtyElements (package:flutter/src/widgets/framework.dart:2807:11)
#1002   BuildOwner.buildScope (package:flutter/src/widgets/framework.dart:3111:18)
#1003   AutomatedTestWidgetsFlutterBinding.drawFrame (package:flutter_test/src/binding.dart:1506:19)
#1004   RendererBinding._handlePersistentFrameCallback (package:flutter/src/rendering/binding.dart:495:5)
#1005   SchedulerBinding._invokeFrameCallback (package:flutter/src/scheduler/binding.dart:1434:15)
#1006   SchedulerBinding.handleDrawFrame (package:flutter/src/scheduler/binding.dart:1347:9)
#1007   AutomatedTestWidgetsFlutterBinding.pump.<anonymous closure> (package:flutter_test/src/binding.dart:1335:9)
#1010   TestAsyncUtils.guard (package:flutter_test/src/test_async_utils.dart:74:41)
#1011   AutomatedTestWidgetsFlutterBinding.pump (package:flutter_test/src/binding.dart:1324:27)
#1012   WidgetTester.pumpWidget.<anonymous closure> (package:flutter_test/src/widget_tester.dart:598:22)
#1015   TestAsyncUtils.guard (package:flutter_test/src/test_async_utils.dart:74:41)
#1016   WidgetTester.pumpWidget (package:flutter_test/src/widget_tester.dart:595:27)
#1017   main.<anonymous closure> (file:///Volumes/DevData/project/a199-flutter-expert-project/test/presentation/pages/tvseries_detail_page_test.dart:42:18)
#1018   testWidgets.<anonymous closure>.<anonymous closure> (package:flutter_test/src/widget_tester.dart:192:29)
<asynchronous suspension>
#1019   TestWidgetsFlutterBinding._runTestBody (package:flutter_test/src/binding.dart:1059:5)
<asynchronous suspension>
<asynchronous suspension>
(elided 5 frames from dart:async and package:stack_trace)
════════════════════════════════════════════════════════════════════════════════════════════════════
  Test failed. See exception logs above.
  The test description was: Watchlist button should display add icon when tv series not added to watchlist
  

To run this test again: /Users/saifurridho/flutter/bin/cache/dart-sdk/bin/dart test /Volumes/DevData/project/a199-flutter-expert-project/test/presentation/pages/tvseries_detail_page_test.dart -p vm --plain-name 'Watchlist button should display add icon when tv series not added to watchlist'
00:04 +0 -1: Watchlist button should display check icon when tv series is added to watchlist                                                                                                           00:04 +1 -1: Watchlist button should display check icon when tv series is added to watchlist                                                                                                           00:04 +1 -1: Watchlist button should display Snackbar when added to watchlist                                                                                                                          00:04 +2 -1: Watchlist button should display Snackbar when added to watchlist                                                                                                                          00:04 +2 -1: Watchlist button should display AlertDialog when add to watchlist failed                                                                                                                  00:04 +3 -1: Watchlist button should display AlertDialog when add to watchlist failed                                                                                                                  00:05 +3 -1: Some tests failed.                                                                                                                                                                        
